1723789710.447332 client started (81265): version 3.3a, socket /private/tmp/tmux-501/default, protocol 8
1723789710.447480 on Darwin 23.5.0 Darwin Kernel Version 23.5.0: Wed May  1 20:14:38 PDT 2024; root:xnu-10063.121.3~5/RELEASE_ARM64_T6020
1723789710.447816 using libevent 2.1.12-stable (select); utf8proc 2.9.0; ncurses 6.4
1723789710.447843 flags are 0x10010000
1723789710.447853 socket is /private/tmp/tmux-501/default
1723789710.447870 trying connect
1723789710.447932 add peer 0x120008000: 6 (0x0)
1723789710.451027 sending message 100 to peer 0x120008000 (4 bytes)
1723789710.451036 sending message 111 to peer 0x120008000 (8 bytes)
1723789710.451042 sending message 101 to peer 0x120008000 (14 bytes)
1723789710.451050 sending message 109 to peer 0x120008000 (4 bytes)
1723789710.451054 sending message 102 to peer 0x120008000 (13 bytes)
1723789710.451059 sending message 108 to peer 0x120008000 (35 bytes)
1723789710.451063 sending message 112 to peer 0x120008000 (70 bytes)
1723789710.451068 sending message 112 to peer 0x120008000 (5 bytes)
1723789710.451072 sending message 112 to peer 0x120008000 (5 bytes)
1723789710.451076 sending message 112 to peer 0x120008000 (6 bytes)
1723789710.451080 sending message 112 to peer 0x120008000 (6 bytes)
1723789710.451084 sending message 112 to peer 0x120008000 (11 bytes)
1723789710.451088 sending message 112 to peer 0x120008000 (10 bytes)
1723789710.451092 sending message 112 to peer 0x120008000 (13 bytes)
1723789710.451096 sending message 112 to peer 0x120008000 (13 bytes)
1723789710.451100 sending message 112 to peer 0x120008000 (18 bytes)
1723789710.451104 sending message 112 to peer 0x120008000 (11 bytes)
1723789710.451108 sending message 112 to peer 0x120008000 (10 bytes)
1723789710.451111 sending message 112 to peer 0x120008000 (15 bytes)
1723789710.451115 sending message 112 to peer 0x120008000 (21 bytes)
1723789710.451119 sending message 112 to peer 0x120008000 (13 bytes)
1723789710.451123 sending message 112 to peer 0x120008000 (7 bytes)
1723789710.451127 sending message 112 to peer 0x120008000 (13 bytes)
1723789710.451131 sending message 112 to peer 0x120008000 (7 bytes)
1723789710.451135 sending message 112 to peer 0x120008000 (13 bytes)
1723789710.451139 sending message 112 to peer 0x120008000 (9 bytes)
1723789710.451143 sending message 112 to peer 0x120008000 (21 bytes)
1723789710.451147 sending message 112 to peer 0x120008000 (13 bytes)
1723789710.451150 sending message 112 to peer 0x120008000 (8 bytes)
1723789710.451154 sending message 112 to peer 0x120008000 (12 bytes)
1723789710.451158 sending message 112 to peer 0x120008000 (13 bytes)
1723789710.451162 sending message 112 to peer 0x120008000 (9 bytes)
1723789710.451166 sending message 112 to peer 0x120008000 (9 bytes)
1723789710.451170 sending message 112 to peer 0x120008000 (12 bytes)
1723789710.451174 sending message 112 to peer 0x120008000 (8 bytes)
1723789710.451177 sending message 112 to peer 0x120008000 (8 bytes)
1723789710.451181 sending message 112 to peer 0x120008000 (7 bytes)
1723789710.451185 sending message 112 to peer 0x120008000 (7 bytes)
1723789710.451189 sending message 112 to peer 0x120008000 (9 bytes)
1723789710.451193 sending message 112 to peer 0x120008000 (13 bytes)
1723789710.451197 sending message 112 to peer 0x120008000 (6 bytes)
1723789710.451200 sending message 112 to peer 0x120008000 (9 bytes)
1723789710.451204 sending message 112 to peer 0x120008000 (15 bytes)
1723789710.451208 sending message 112 to peer 0x120008000 (13 bytes)
1723789710.451212 sending message 112 to peer 0x120008000 (12 bytes)
1723789710.451216 sending message 112 to peer 0x120008000 (8 bytes)
1723789710.451220 sending message 112 to peer 0x120008000 (14 bytes)
1723789710.451223 sending message 112 to peer 0x120008000 (11 bytes)
1723789710.451227 sending message 112 to peer 0x120008000 (9 bytes)
1723789710.451231 sending message 112 to peer 0x120008000 (10 bytes)
1723789710.451235 sending message 112 to peer 0x120008000 (10 bytes)
1723789710.451239 sending message 112 to peer 0x120008000 (10 bytes)
1723789710.451243 sending message 112 to peer 0x120008000 (10 bytes)
1723789710.451260 sending message 112 to peer 0x120008000 (11 bytes)
1723789710.451263 sending message 112 to peer 0x120008000 (12 bytes)
1723789710.451265 sending message 112 to peer 0x120008000 (12 bytes)
1723789710.451268 sending message 112 to peer 0x120008000 (12 bytes)
1723789710.451271 sending message 112 to peer 0x120008000 (12 bytes)
1723789710.451273 sending message 112 to peer 0x120008000 (12 bytes)
1723789710.451276 sending message 112 to peer 0x120008000 (11 bytes)
1723789710.451279 sending message 112 to peer 0x120008000 (11 bytes)
1723789710.451281 sending message 112 to peer 0x120008000 (12 bytes)
1723789710.451284 sending message 112 to peer 0x120008000 (12 bytes)
1723789710.451287 sending message 112 to peer 0x120008000 (12 bytes)
1723789710.451289 sending message 112 to peer 0x120008000 (12 bytes)
1723789710.451292 sending message 112 to peer 0x120008000 (12 bytes)
1723789710.451294 sending message 112 to peer 0x120008000 (10 bytes)
1723789710.451297 sending message 112 to peer 0x120008000 (12 bytes)
1723789710.451300 sending message 112 to peer 0x120008000 (13 bytes)
1723789710.451302 sending message 112 to peer 0x120008000 (13 bytes)
1723789710.451305 sending message 112 to peer 0x120008000 (13 bytes)
1723789710.451307 sending message 112 to peer 0x120008000 (13 bytes)
1723789710.451310 sending message 112 to peer 0x120008000 (13 bytes)
1723789710.451313 sending message 112 to peer 0x120008000 (8 bytes)
1723789710.451315 sending message 112 to peer 0x120008000 (11 bytes)
1723789710.451318 sending message 112 to peer 0x120008000 (11 bytes)
1723789710.451320 sending message 112 to peer 0x120008000 (11 bytes)
1723789710.451323 sending message 112 to peer 0x120008000 (12 bytes)
1723789710.451326 sending message 112 to peer 0x120008000 (12 bytes)
1723789710.451328 sending message 112 to peer 0x120008000 (12 bytes)
1723789710.451331 sending message 112 to peer 0x120008000 (12 bytes)
1723789710.451333 sending message 112 to peer 0x120008000 (13 bytes)
1723789710.451336 sending message 112 to peer 0x120008000 (13 bytes)
1723789710.451339 sending message 112 to peer 0x120008000 (13 bytes)
1723789710.451341 sending message 112 to peer 0x120008000 (8 bytes)
1723789710.451344 sending message 112 to peer 0x120008000 (13 bytes)
1723789710.451346 sending message 112 to peer 0x120008000 (13 bytes)
1723789710.451349 sending message 112 to peer 0x120008000 (13 bytes)
1723789710.451352 sending message 112 to peer 0x120008000 (13 bytes)
1723789710.451354 sending message 112 to peer 0x120008000 (13 bytes)
1723789710.451357 sending message 112 to peer 0x120008000 (12 bytes)
1723789710.451359 sending message 112 to peer 0x120008000 (12 bytes)
1723789710.451362 sending message 112 to peer 0x120008000 (12 bytes)
1723789710.451365 sending message 112 to peer 0x120008000 (12 bytes)
1723789710.451367 sending message 112 to peer 0x120008000 (13 bytes)
1723789710.451370 sending message 112 to peer 0x120008000 (8 bytes)
1723789710.451372 sending message 112 to peer 0x120008000 (13 bytes)
1723789710.451375 sending message 112 to peer 0x120008000 (13 bytes)
1723789710.451377 sending message 112 to peer 0x120008000 (13 bytes)
1723789710.451380 sending message 112 to peer 0x120008000 (13 bytes)
1723789710.451383 sending message 112 to peer 0x120008000 (13 bytes)
1723789710.451385 sending message 112 to peer 0x120008000 (13 bytes)
1723789710.451388 sending message 112 to peer 0x120008000 (13 bytes)
1723789710.451390 sending message 112 to peer 0x120008000 (12 bytes)
1723789710.451393 sending message 112 to peer 0x120008000 (12 bytes)
1723789710.451396 sending message 112 to peer 0x120008000 (12 bytes)
1723789710.451398 sending message 112 to peer 0x120008000 (8 bytes)
1723789710.451401 sending message 112 to peer 0x120008000 (12 bytes)
1723789710.451403 sending message 112 to peer 0x120008000 (13 bytes)
1723789710.451406 sending message 112 to peer 0x120008000 (13 bytes)
1723789710.451408 sending message 112 to peer 0x120008000 (13 bytes)
1723789710.451411 sending message 112 to peer 0x120008000 (13 bytes)
1723789710.451419 sending message 112 to peer 0x120008000 (13 bytes)
1723789710.451422 sending message 112 to peer 0x120008000 (13 bytes)
1723789710.451425 sending message 112 to peer 0x120008000 (13 bytes)
1723789710.451427 sending message 112 to peer 0x120008000 (13 bytes)
1723789710.451430 sending message 112 to peer 0x120008000 (12 bytes)
1723789710.451432 sending message 112 to peer 0x120008000 (10 bytes)
1723789710.451435 sending message 112 to peer 0x120008000 (12 bytes)
1723789710.451438 sending message 112 to peer 0x120008000 (12 bytes)
1723789710.451440 sending message 112 to peer 0x120008000 (12 bytes)
1723789710.451443 sending message 112 to peer 0x120008000 (13 bytes)
1723789710.451445 sending message 112 to peer 0x120008000 (13 bytes)
1723789710.451448 sending message 112 to peer 0x120008000 (13 bytes)
1723789710.451450 sending message 112 to peer 0x120008000 (13 bytes)
1723789710.451453 sending message 112 to peer 0x120008000 (13 bytes)
1723789710.451455 sending message 112 to peer 0x120008000 (13 bytes)
1723789710.451458 sending message 112 to peer 0x120008000 (13 bytes)
1723789710.451461 sending message 112 to peer 0x120008000 (10 bytes)
1723789710.451463 sending message 112 to peer 0x120008000 (13 bytes)
1723789710.451466 sending message 112 to peer 0x120008000 (12 bytes)
1723789710.451468 sending message 112 to peer 0x120008000 (12 bytes)
1723789710.451471 sending message 112 to peer 0x120008000 (12 bytes)
1723789710.451474 sending message 112 to peer 0x120008000 (10 bytes)
1723789710.451476 sending message 112 to peer 0x120008000 (10 bytes)
1723789710.451479 sending message 112 to peer 0x120008000 (10 bytes)
1723789710.451481 sending message 112 to peer 0x120008000 (12 bytes)
1723789710.451484 sending message 112 to peer 0x120008000 (13 bytes)
1723789710.451486 sending message 112 to peer 0x120008000 (13 bytes)
1723789710.451489 sending message 112 to peer 0x120008000 (13 bytes)
1723789710.451492 sending message 112 to peer 0x120008000 (13 bytes)
1723789710.451494 sending message 112 to peer 0x120008000 (13 bytes)
1723789710.451497 sending message 112 to peer 0x120008000 (11 bytes)
1723789710.451499 sending message 112 to peer 0x120008000 (11 bytes)
1723789710.451502 sending message 112 to peer 0x120008000 (12 bytes)
1723789710.451504 sending message 112 to peer 0x120008000 (12 bytes)
1723789710.451507 sending message 112 to peer 0x120008000 (12 bytes)
1723789710.451510 sending message 112 to peer 0x120008000 (12 bytes)
1723789710.451512 sending message 112 to peer 0x120008000 (12 bytes)
1723789710.451515 sending message 112 to peer 0x120008000 (11 bytes)
1723789710.451517 sending message 112 to peer 0x120008000 (12 bytes)
1723789710.451520 sending message 112 to peer 0x120008000 (12 bytes)
1723789710.451522 sending message 112 to peer 0x120008000 (13 bytes)
1723789710.451525 sending message 112 to peer 0x120008000 (13 bytes)
1723789710.451527 sending message 112 to peer 0x120008000 (13 bytes)
1723789710.451530 sending message 112 to peer 0x120008000 (13 bytes)
1723789710.451533 sending message 112 to peer 0x120008000 (13 bytes)
1723789710.451535 sending message 112 to peer 0x120008000 (10 bytes)
1723789710.451538 sending message 112 to peer 0x120008000 (9 bytes)
1723789710.451540 sending message 112 to peer 0x120008000 (12 bytes)
1723789710.451543 sending message 112 to peer 0x120008000 (13 bytes)
1723789710.451545 sending message 112 to peer 0x120008000 (13 bytes)
1723789710.451548 sending message 112 to peer 0x120008000 (13 bytes)
1723789710.451552 sending message 112 to peer 0x120008000 (13 bytes)
1723789710.451555 sending message 112 to peer 0x120008000 (13 bytes)
1723789710.451558 sending message 112 to peer 0x120008000 (9 bytes)
1723789710.451560 sending message 112 to peer 0x120008000 (12 bytes)
1723789710.451563 sending message 112 to peer 0x120008000 (13 bytes)
1723789710.451565 sending message 112 to peer 0x120008000 (13 bytes)
1723789710.451568 sending message 112 to peer 0x120008000 (13 bytes)
1723789710.451570 sending message 112 to peer 0x120008000 (13 bytes)
1723789710.451573 sending message 112 to peer 0x120008000 (13 bytes)
1723789710.451580 sending message 112 to peer 0x120008000 (11 bytes)
1723789710.451583 sending message 112 to peer 0x120008000 (12 bytes)
1723789710.451586 sending message 112 to peer 0x120008000 (13 bytes)
1723789710.451588 sending message 112 to peer 0x120008000 (13 bytes)
1723789710.451591 sending message 112 to peer 0x120008000 (13 bytes)
1723789710.451593 sending message 112 to peer 0x120008000 (13 bytes)
1723789710.451596 sending message 112 to peer 0x120008000 (13 bytes)
1723789710.451598 sending message 112 to peer 0x120008000 (11 bytes)
1723789710.451601 sending message 112 to peer 0x120008000 (12 bytes)
1723789710.451604 sending message 112 to peer 0x120008000 (12 bytes)
1723789710.451606 sending message 112 to peer 0x120008000 (12 bytes)
1723789710.451609 sending message 112 to peer 0x120008000 (12 bytes)
1723789710.451611 sending message 112 to peer 0x120008000 (12 bytes)
1723789710.451614 sending message 112 to peer 0x120008000 (21 bytes)
1723789710.451617 sending message 112 to peer 0x120008000 (12 bytes)
1723789710.451619 sending message 112 to peer 0x120008000 (9 bytes)
1723789710.451622 sending message 112 to peer 0x120008000 (6 bytes)
1723789710.451624 sending message 112 to peer 0x120008000 (13 bytes)
1723789710.451627 sending message 112 to peer 0x120008000 (8 bytes)
1723789710.451630 sending message 112 to peer 0x120008000 (15 bytes)
1723789710.451632 sending message 112 to peer 0x120008000 (13 bytes)
1723789710.451635 sending message 112 to peer 0x120008000 (9 bytes)
1723789710.451637 sending message 112 to peer 0x120008000 (70 bytes)
1723789710.451640 sending message 112 to peer 0x120008000 (69 bytes)
1723789710.451642 sending message 112 to peer 0x120008000 (10 bytes)
1723789710.451645 sending message 112 to peer 0x120008000 (10 bytes)
1723789710.451648 sending message 112 to peer 0x120008000 (8 bytes)
1723789710.451650 sending message 112 to peer 0x120008000 (15 bytes)
1723789710.451653 sending message 112 to peer 0x120008000 (13 bytes)
1723789710.451655 sending message 112 to peer 0x120008000 (10 bytes)
1723789710.451658 sending message 112 to peer 0x120008000 (10 bytes)
1723789710.451660 sending message 112 to peer 0x120008000 (17 bytes)
1723789710.451663 sending message 112 to peer 0x120008000 (10 bytes)
1723789710.451666 sending message 112 to peer 0x120008000 (13 bytes)
1723789710.451668 sending message 112 to peer 0x120008000 (9 bytes)
1723789710.451671 sending message 112 to peer 0x120008000 (5 bytes)
1723789710.451673 sending message 112 to peer 0x120008000 (15 bytes)
1723789710.451677 sending message 104 to peer 0x120008000 (0 bytes)
1723789710.451680 sending message 110 to peer 0x120008000 (0 bytes)
1723789710.451682 sending message 107 to peer 0x120008000 (4 bytes)
1723789710.451686 sending message 105 to peer 0x120008000 (64 bytes)
1723789710.451689 sending message 105 to peer 0x120008000 (56 bytes)
1723789710.451691 sending message 105 to peer 0x120008000 (14 bytes)
1723789710.451694 sending message 105 to peer 0x120008000 (52 bytes)
1723789710.451697 sending message 105 to peer 0x120008000 (23 bytes)
1723789710.451699 sending message 105 to peer 0x120008000 (16 bytes)
1723789710.451702 sending message 105 to peer 0x120008000 (21 bytes)
1723789710.451704 sending message 105 to peer 0x120008000 (27 bytes)
1723789710.451707 sending message 105 to peer 0x120008000 (37 bytes)
1723789710.451709 sending message 105 to peer 0x120008000 (30 bytes)
1723789710.451712 sending message 105 to peer 0x120008000 (34 bytes)
1723789710.451715 sending message 105 to peer 0x120008000 (60 bytes)
1723789710.451717 sending message 105 to peer 0x120008000 (15 bytes)
1723789710.451720 sending message 105 to peer 0x120008000 (55 bytes)
1723789710.451722 sending message 105 to peer 0x120008000 (8 bytes)
1723789710.451725 sending message 105 to peer 0x120008000 (23 bytes)
1723789710.451728 sending message 105 to peer 0x120008000 (32 bytes)
1723789710.451731 sending message 105 to peer 0x120008000 (8886 bytes)
1723789710.451737 sending message 105 to peer 0x120008000 (266 bytes)
1723789710.451746 sending message 105 to peer 0x120008000 (61 bytes)
1723789710.451749 sending message 105 to peer 0x120008000 (16 bytes)
1723789710.451752 sending message 105 to peer 0x120008000 (35 bytes)
1723789710.451755 sending message 105 to peer 0x120008000 (70 bytes)
1723789710.451757 sending message 105 to peer 0x120008000 (34 bytes)
1723789710.451760 sending message 105 to peer 0x120008000 (11 bytes)
1723789710.451763 sending message 105 to peer 0x120008000 (815 bytes)
1723789710.451765 sending message 105 to peer 0x120008000 (39 bytes)
1723789710.451768 sending message 105 to peer 0x120008000 (15 bytes)
1723789710.451771 sending message 105 to peer 0x120008000 (8 bytes)
1723789710.451773 sending message 105 to peer 0x120008000 (66 bytes)
1723789710.451776 sending message 105 to peer 0x120008000 (19 bytes)
1723789710.451781 sending message 105 to peer 0x120008000 (18 bytes)
1723789710.451784 sending message 105 to peer 0x120008000 (26 bytes)
1723789710.451787 sending message 105 to peer 0x120008000 (53 bytes)
1723789710.451789 sending message 105 to peer 0x120008000 (57 bytes)
1723789710.451792 sending message 105 to peer 0x120008000 (43 bytes)
1723789710.451795 sending message 105 to peer 0x120008000 (14 bytes)
1723789710.451797 sending message 105 to peer 0x120008000 (62 bytes)
1723789710.451800 sending message 105 to peer 0x120008000 (17 bytes)
1723789710.451802 sending message 105 to peer 0x120008000 (20 bytes)
1723789710.451805 sending message 105 to peer 0x120008000 (16 bytes)
1723789710.451808 sending message 105 to peer 0x120008000 (14 bytes)
1723789710.451810 sending message 105 to peer 0x120008000 (19 bytes)
1723789710.451813 sending message 105 to peer 0x120008000 (37 bytes)
1723789710.451815 sending message 105 to peer 0x120008000 (26 bytes)
1723789710.451818 sending message 105 to peer 0x120008000 (49 bytes)
1723789710.451821 sending message 105 to peer 0x120008000 (30 bytes)
1723789710.451823 sending message 105 to peer 0x120008000 (85 bytes)
1723789710.451826 sending message 105 to peer 0x120008000 (40 bytes)
1723789710.451829 sending message 105 to peer 0x120008000 (38 bytes)
1723789710.451831 sending message 105 to peer 0x120008000 (67 bytes)
1723789710.451834 sending message 105 to peer 0x120008000 (23 bytes)
1723789710.451836 sending message 105 to peer 0x120008000 (15 bytes)
1723789710.451839 sending message 105 to peer 0x120008000 (29 bytes)
1723789710.451842 sending message 105 to peer 0x120008000 (28 bytes)
1723789710.451844 sending message 105 to peer 0x120008000 (21 bytes)
1723789710.451847 sending message 105 to peer 0x120008000 (21 bytes)
1723789710.451849 sending message 105 to peer 0x120008000 (69 bytes)
1723789710.451852 sending message 105 to peer 0x120008000 (20 bytes)
1723789710.451855 sending message 105 to peer 0x120008000 (73 bytes)
1723789710.451857 sending message 105 to peer 0x120008000 (71 bytes)
1723789710.451860 sending message 105 to peer 0x120008000 (76 bytes)
1723789710.451862 sending message 105 to peer 0x120008000 (61 bytes)
1723789710.451865 sending message 105 to peer 0x120008000 (26 bytes)
1723789710.451868 sending message 105 to peer 0x120008000 (20 bytes)
1723789710.451870 sending message 105 to peer 0x120008000 (21 bytes)
1723789710.451873 sending message 105 to peer 0x120008000 (25 bytes)
1723789710.451875 sending message 106 to peer 0x120008000 (0 bytes)
1723789710.451935 sending message 200 to peer 0x120008000 (4 bytes)
1723789710.451939 client loop enter
1723789710.455284 peer 0x120008000 message 207
1723789710.455290 sending message 208 to peer 0x120008000 (0 bytes)
1723789714.595684 peer 0x120008000 message 203
1723789714.595704 sending message 205 to peer 0x120008000 (0 bytes)
1723789714.595923 peer 0x120008000 message 204
1723789714.595932 client loop exit
